[2026-06-26 09:37:37] ============================================================
[2026-06-26 09:37:37] Starting content generation process
[2026-06-26 09:37:37] ============================================================
[2026-06-26 09:37:37] ✓ Configuration loaded
[2026-06-26 09:37:37] ✓ Found 0 previously generated articles
[2026-06-26 09:37:37] ✓ Generated: How to Accept Cryptocurrency Payments in 2024: Complete Guide
[2026-06-26 09:37:37]   └─ Saved to: articles/accept-crypto-payments-2024.html
[2026-06-26 09:37:37] ✓ Generated: NFTs Explained: Understanding Digital Assets and Ownership
[2026-06-26 09:37:37]   └─ Saved to: articles/nft-guide-explained.html
[2026-06-26 09:37:37] ✓ Generated: Staking Cryptocurrency: Earn Passive Income on Your Holdings
[2026-06-26 09:37:37]   └─ Saved to: articles/crypto-staking-guide.html
[2026-06-26 09:37:37] ============================================================
[2026-06-26 09:37:37] Generation complete: 3 new articles created
[2026-06-26 09:37:37] ============================================================
[2026-06-26 09:49:30] ============================================================
[2026-06-26 09:49:30] Starting content generation process
[2026-06-26 09:49:30] ============================================================
[2026-06-26 09:49:30] ✓ Configuration loaded
[2026-06-26 09:49:30] ✓ Found 3 previously generated articles
[2026-06-26 09:49:30] ✓ Generated: The Future of Crypto: Trends and Predictions for 2025
[2026-06-26 09:49:30]   └─ Saved to: articles/crypto-trends-2025.html
[2026-06-26 09:49:30] ✓ Generated: How to Secure Your Crypto Wallet: Best Practices 2024
[2026-06-26 09:49:30]   └─ Saved to: articles/secure-crypto-wallet.html
[2026-06-26 09:49:30] ✓ Generated: Smart Contracts: Revolutionizing Digital Agreements
[2026-06-26 09:49:30]   └─ Saved to: articles/smart-contracts-guide.html
[2026-06-26 09:49:30] ============================================================
[2026-06-26 09:49:30] Generation complete: 3 new articles created
[2026-06-26 09:49:30] ============================================================
[2026-06-27 05:57:50] ============================================================
[2026-06-27 05:57:50] Starting content generation process
[2026-06-27 05:57:50] ============================================================
[2026-06-27 05:57:50] ✓ Configuration loaded
[2026-06-27 05:57:50] ✓ Found 6 previously generated articles
[2026-06-27 05:57:50] ⊘ Skipping secure-crypto-wallet (already generated)
[2026-06-27 05:57:50] ⊘ Skipping crypto-staking-guide (already generated)
[2026-06-27 05:57:50] ✓ Generated: Decentralized Finance (DeFi) Explained: A Beginner's Guide
[2026-06-27 05:57:50]   └─ Saved to: articles/defi-guide-beginners.html
[2026-06-27 05:57:50] ============================================================
[2026-06-27 05:57:50] Generation complete: 1 new articles created
[2026-06-27 05:57:50] ============================================================
[2026-06-28 06:25:03] ============================================================
[2026-06-28 06:25:03] Starting content generation process
[2026-06-28 06:25:03] ============================================================
[2026-06-28 06:25:03] ✓ Configuration loaded
[2026-06-28 06:25:03] ✓ Found 7 previously generated articles
[2026-06-28 06:25:03] ✓ Generated: Trading Cryptocurrency: Strategies for Beginners and Pros
[2026-06-28 06:25:03]   └─ Saved to: articles/crypto-trading-strategies.html
[2026-06-28 06:25:03] ⊘ Skipping smart-contracts-guide (already generated)
[2026-06-28 06:25:03] ⊘ Skipping defi-guide-beginners (already generated)
[2026-06-28 06:25:03] ============================================================
[2026-06-28 06:25:03] Generation complete: 1 new articles created
[2026-06-28 06:25:03] ============================================================
[2026-06-29 11:35:24] ============================================================
[2026-06-29 11:35:24] Starting content generation process
[2026-06-29 11:35:24] ============================================================
[2026-06-29 11:35:24] ✓ Configuration loaded
[2026-06-29 11:35:24] ✓ Found 8 previously generated articles
[2026-06-29 11:35:24] ⊘ Skipping defi-guide-beginners (already generated)
[2026-06-29 11:35:24] ✓ Generated: Blockchain Technology Explained: From Basics to Applications
[2026-06-29 11:35:24]   └─ Saved to: articles/blockchain-technology-guide.html
[2026-06-29 11:35:24] ⊘ Skipping nft-guide-explained (already generated)
[2026-06-29 11:35:24] ============================================================
[2026-06-29 11:35:24] Generation complete: 1 new articles created
[2026-06-29 11:35:24] ============================================================
[2026-06-30 19:20:51] ============================================================
[2026-06-30 19:20:51] Starting content generation process
[2026-06-30 19:20:51] ============================================================
[2026-06-30 19:20:51] ✓ Configuration loaded
[2026-06-30 19:20:51] ✓ Found 9 previously generated articles
[2026-06-30 19:20:51] ⊘ Skipping smart-contracts-guide (already generated)
[2026-06-30 19:20:51] ⊘ Skipping crypto-staking-guide (already generated)
[2026-06-30 19:20:51] ✓ Generated: Bitcoin vs Ethereum: Detailed Comparison for Beginners
[2026-06-30 19:20:51]   └─ Saved to: articles/bitcoin-vs-ethereum-guide.html
[2026-06-30 19:20:51] ============================================================
[2026-06-30 19:20:51] Generation complete: 1 new articles created
[2026-06-30 19:20:51] ============================================================
[2026-07-04 06:58:18] ============================================================
[2026-07-04 06:58:18] Starting content generation process
[2026-07-04 06:58:18] ============================================================
[2026-07-04 06:58:18] ✓ Configuration loaded
[2026-07-04 06:58:18] ✓ Found 10 previously generated articles
[2026-07-04 06:58:18] ✓ Topic pool contains 5920 unique topics
[2026-07-04 06:58:18] ✓ Generated: A Beginner's Roadmap to Crypto for Freelancers
[2026-07-04 06:58:18]   └─ Saved to: articles/a-beginner-s-roadmap-to-crypto-for-freelancers.html
[2026-07-04 06:58:18] ✓ Generated: Litecoin: Long-Term Outlook and Predictions
[2026-07-04 06:58:18]   └─ Saved to: articles/litecoin-long-term-outlook-and-predictions.html
[2026-07-04 06:58:18] ✓ Generated: Cold Storage Myths Debunked
[2026-07-04 06:58:18]   └─ Saved to: articles/cold-storage-myths-debunked.html
[2026-07-04 06:58:18] ============================================================
[2026-07-04 06:58:18] Generation complete: 3 new articles created
[2026-07-04 06:58:18] ============================================================
[2026-07-04 09:14:42] ============================================================
[2026-07-04 09:14:42] Starting content generation process
[2026-07-04 09:14:42] ============================================================
[2026-07-04 09:14:42] ✓ Configuration loaded
[2026-07-04 09:14:42] ✓ Found 13 previously generated articles
[2026-07-04 09:14:42] ✓ Topic pool contains 5920 unique topics
[2026-07-04 09:14:42] ✓ Generated: The History and Evolution of Blockchain Technology
[2026-07-04 09:14:42]   └─ Saved to: articles/the-history-and-evolution-of-blockchain-technology.html
[2026-07-04 09:14:42] ✓ Generated: How to Evaluate Layer 2 Rollups Before Investing
[2026-07-04 09:14:42]   └─ Saved to: articles/how-to-evaluate-layer-2-rollups-before-investing.html
[2026-07-04 09:14:42] ✓ Generated: Is Merchant Crypto Adoption a Good Investment in 2025?
[2026-07-04 09:14:42]   └─ Saved to: articles/is-merchant-crypto-adoption-a-good-investment-in-2025.html
[2026-07-04 09:14:42] ============================================================
[2026-07-04 09:14:42] Generation complete: 3 new articles created
[2026-07-04 09:14:42] ============================================================
[2026-07-04 09:16:46] ============================================================
[2026-07-04 09:16:46] Starting content generation process
[2026-07-04 09:16:46] ============================================================
[2026-07-04 09:16:46] ✓ Configuration loaded
[2026-07-04 09:16:46] ✓ Found 16 previously generated articles
[2026-07-04 09:16:47] ✓ Topic pool contains 5920 unique topics
[2026-07-04 09:16:47] ✓ Generated: What Experts Are Saying About Bitcoin in 2025
[2026-07-04 09:16:47]   └─ Saved to: articles/what-experts-are-saying-about-bitcoin-in-2025.html
[2026-07-04 09:16:47] ✓ Generated: The Biggest Misconceptions About Cloud Mining
[2026-07-04 09:16:47]   └─ Saved to: articles/the-biggest-misconceptions-about-cloud-mining.html
[2026-07-04 09:16:47] ✓ Generated: Algorithmic Stablecoins for Beginners: Step-by-Step Guide
[2026-07-04 09:16:47]   └─ Saved to: articles/algorithmic-stablecoins-for-beginners-step-by-step-guide.html
[2026-07-04 09:16:47] ============================================================
[2026-07-04 09:16:47] Generation complete: 3 new articles created
[2026-07-04 09:16:47] ============================================================
[2026-07-04 09:19:09] ============================================================
[2026-07-04 09:19:09] Starting content generation process
[2026-07-04 09:19:09] ============================================================
[2026-07-04 09:19:09] ✓ Configuration loaded
[2026-07-04 09:19:09] ✓ Found 19 previously generated articles
[2026-07-04 09:19:09] ✓ Topic pool contains 5920 unique topics
[2026-07-04 09:19:09] ✓ Generated: Soulbound Tokens Myths Debunked
[2026-07-04 09:19:09]   └─ Saved to: articles/soulbound-tokens-myths-debunked.html
[2026-07-04 09:19:09] ✓ Generated: Optimistic Rollups Explained: Everything You Need to Know
[2026-07-04 09:19:09]   └─ Saved to: articles/optimistic-rollups-explained-everything-you-need-to-know.html
[2026-07-04 09:19:09] ✓ Generated: USDT (Tether) and Financial Inclusion
[2026-07-04 09:19:09]   └─ Saved to: articles/usdt-tether-and-financial-inclusion.html
[2026-07-04 09:19:09] ============================================================
[2026-07-04 09:19:09] Generation complete: 3 new articles created
[2026-07-04 09:19:09] ============================================================
[2026-07-05 06:10:45] ============================================================
[2026-07-05 06:10:45] Starting content generation process
[2026-07-05 06:10:45] ============================================================
[2026-07-05 06:10:45] ✓ Configuration loaded
[2026-07-05 06:10:45] ✓ Found 22 previously generated articles
[2026-07-05 06:10:45] ✓ Topic pool contains 5920 unique topics
[2026-07-05 06:10:45] ✓ Generated: How to Evaluate Hedera Before Investing
[2026-07-05 06:10:45]   └─ Saved to: articles/how-to-evaluate-hedera-before-investing.html
[2026-07-05 06:10:45] ✓ Generated: Common Mistakes to Avoid When Using Digital Art and NFTs
[2026-07-05 06:10:45]   └─ Saved to: articles/common-mistakes-to-avoid-when-using-digital-art-and-nfts.html
[2026-07-05 06:10:45] ✓ Generated: The Biggest Misconceptions About Yield Farming
[2026-07-05 06:10:45]   └─ Saved to: articles/the-biggest-misconceptions-about-yield-farming.html
[2026-07-05 06:10:45] ============================================================
[2026-07-05 06:10:45] Generation complete: 3 new articles created
[2026-07-05 06:10:45] ============================================================
[2026-07-06 06:42:15] ============================================================
[2026-07-06 06:42:15] Starting content generation process
[2026-07-06 06:42:15] ============================================================
[2026-07-06 06:42:15] ✓ Configuration loaded
[2026-07-06 06:42:15] ✓ Found 25 previously generated articles
[2026-07-06 06:42:15] ✓ Topic pool contains 5920 unique topics
[2026-07-06 06:42:15] ✓ Generated: The Biggest Misconceptions About Toncoin
[2026-07-06 06:42:15]   └─ Saved to: articles/the-biggest-misconceptions-about-toncoin.html
[2026-07-06 06:42:15] ✓ Generated: How Does Dollar Cost Averaging Work? Explained Simply
[2026-07-06 06:42:15]   └─ Saved to: articles/how-does-dollar-cost-averaging-work-explained-simply.html
[2026-07-06 06:42:15] ✓ Generated: Common Mistakes to Avoid When Using Decentralized Physical Infrastructure (DePIN)
[2026-07-06 06:42:15]   └─ Saved to: articles/common-mistakes-to-avoid-when-using-decentralized-physical-infrastructure-depin.html
[2026-07-06 06:42:15] ============================================================
[2026-07-06 06:42:15] Generation complete: 3 new articles created
[2026-07-06 06:42:15] ============================================================
[2026-07-07 06:14:19] ============================================================
[2026-07-07 06:14:19] Starting content generation process
[2026-07-07 06:14:19] ============================================================
[2026-07-07 06:14:19] ✓ Configuration loaded
[2026-07-07 06:14:19] ✓ Found 28 previously generated articles
[2026-07-07 06:14:19] ✓ Topic pool contains 5920 unique topics
[2026-07-07 06:14:19] ✓ Generated: A Beginner's Roadmap to Liquid Staking
[2026-07-07 06:14:19]   └─ Saved to: articles/a-beginner-s-roadmap-to-liquid-staking.html
[2026-07-07 06:14:19] ✓ Generated: The History and Evolution of DAI
[2026-07-07 06:14:19]   └─ Saved to: articles/the-history-and-evolution-of-dai.html
[2026-07-07 06:14:19] ✓ Generated: Decentralized Physical Infrastructure (DePIN) in 2025: Trends and Predictions
[2026-07-07 06:14:19]   └─ Saved to: articles/decentralized-physical-infrastructure-depin-in-2025-trends-and-predictions.html
[2026-07-07 06:14:19] ============================================================
[2026-07-07 06:14:19] Generation complete: 3 new articles created
[2026-07-07 06:14:19] ============================================================
[2026-07-08 05:27:13] ============================================================
[2026-07-08 05:27:13] Starting content generation process
[2026-07-08 05:27:13] ============================================================
[2026-07-08 05:27:13] ✓ Configuration loaded
[2026-07-08 05:27:13] ✓ Found 31 previously generated articles
[2026-07-08 05:27:13] ✓ Topic pool contains 5920 unique topics
[2026-07-08 05:27:13] ✓ Generated: Top 10 Things to Know About Proof of Work
[2026-07-08 05:27:13]   └─ Saved to: articles/top-10-things-to-know-about-proof-of-work.html
[2026-07-08 05:27:13] ✓ Generated: Common Mistakes to Avoid When Using Crypto in Gaming
[2026-07-08 05:27:13]   └─ Saved to: articles/common-mistakes-to-avoid-when-using-crypto-in-gaming.html
[2026-07-08 05:27:13] ✓ Generated: Remittances via Crypto for Small Businesses: A Practical Guide
[2026-07-08 05:27:13]   └─ Saved to: articles/remittances-via-crypto-for-small-businesses-a-practical-guide.html
[2026-07-08 05:27:13] ============================================================
[2026-07-08 05:27:13] Generation complete: 3 new articles created
[2026-07-08 05:27:13] ============================================================
[2026-07-09 06:15:49] ============================================================
[2026-07-09 06:15:49] Starting content generation process
[2026-07-09 06:15:49] ============================================================
[2026-07-09 06:15:49] ✓ Configuration loaded
[2026-07-09 06:15:49] ✓ Found 34 previously generated articles
[2026-07-09 06:15:49] ✓ Topic pool contains 5920 unique topics
[2026-07-09 06:15:49] ✓ Generated: Hardware Wallets vs Traditional Finance: Key Differences
[2026-07-09 06:15:49]   └─ Saved to: articles/hardware-wallets-vs-traditional-finance-key-differences.html
[2026-07-09 06:15:49] ✓ Generated: Web3 Adoption in Emerging Markets
[2026-07-09 06:15:49]   └─ Saved to: articles/web3-adoption-in-emerging-markets.html
[2026-07-09 06:15:49] ✓ Generated: Decentralized Physical Infrastructure (DePIN) Risks: What Nobody Tells You
[2026-07-09 06:15:49]   └─ Saved to: articles/decentralized-physical-infrastructure-depin-risks-what-nobody-tells-you.html
[2026-07-09 06:15:49] ============================================================
[2026-07-09 06:15:49] Generation complete: 3 new articles created
[2026-07-09 06:15:49] ============================================================
[2026-07-10 06:10:02] ============================================================
[2026-07-10 06:10:02] Starting content generation process
[2026-07-10 06:10:02] ============================================================
[2026-07-10 06:10:02] ✓ Configuration loaded
[2026-07-10 06:10:02] ✓ Found 37 previously generated articles
[2026-07-10 06:10:02] ✓ Topic pool contains 5920 unique topics
[2026-07-10 06:10:02] ✓ Generated: Frequently Asked Questions About Avalanche
[2026-07-10 06:10:02]   └─ Saved to: articles/frequently-asked-questions-about-avalanche.html
[2026-07-10 06:10:02] ✓ Generated: How to Evaluate Crypto Risk Management Before Investing
[2026-07-10 06:10:02]   └─ Saved to: articles/how-to-evaluate-crypto-risk-management-before-investing.html
[2026-07-10 06:10:02] ✓ Generated: How to Evaluate Sharding Before Investing
[2026-07-10 06:10:02]   └─ Saved to: articles/how-to-evaluate-sharding-before-investing.html
[2026-07-10 06:10:02] ============================================================
[2026-07-10 06:10:02] Generation complete: 3 new articles created
[2026-07-10 06:10:02] ============================================================
[2026-07-11 05:18:02] ============================================================
[2026-07-11 05:18:02] Starting content generation process
[2026-07-11 05:18:02] ============================================================
[2026-07-11 05:18:02] ✓ Configuration loaded
[2026-07-11 05:18:02] ✓ Found 40 previously generated articles
[2026-07-11 05:18:03] ✓ Topic pool contains 5920 unique topics
[2026-07-11 05:18:03] ✓ Generated: Is Algorand Safe? A Security Analysis
[2026-07-11 05:18:03]   └─ Saved to: articles/is-algorand-safe-a-security-analysis.html
[2026-07-11 05:18:03] ✓ Generated: Building Passive Income with Supply Chain on Blockchain
[2026-07-11 05:18:03]   └─ Saved to: articles/building-passive-income-with-supply-chain-on-blockchain.html
[2026-07-11 05:18:03] ✓ Generated: Is Now the Time to Get Into Crypto in Gaming?
[2026-07-11 05:18:03]   └─ Saved to: articles/is-now-the-time-to-get-into-crypto-in-gaming.html
[2026-07-11 05:18:03] ============================================================
[2026-07-11 05:18:03] Generation complete: 3 new articles created
[2026-07-11 05:18:03] ============================================================
[2026-07-12 05:33:43] ============================================================
[2026-07-12 05:33:43] Starting content generation process
[2026-07-12 05:33:43] ============================================================
[2026-07-12 05:33:43] ✓ Configuration loaded
[2026-07-12 05:33:43] ✓ Found 43 previously generated articles
[2026-07-12 05:33:43] ✓ Topic pool contains 5920 unique topics
[2026-07-12 05:33:43] ✓ Generated: Crypto AML/KYC Compliance vs Competitors: An Honest Comparison
[2026-07-12 05:33:43]   └─ Saved to: articles/crypto-aml-kyc-compliance-vs-competitors-an-honest-comparison.html
[2026-07-12 05:33:43] ✓ Generated: Is Bitcoin Safe? A Security Analysis
[2026-07-12 05:33:43]   └─ Saved to: articles/is-bitcoin-safe-a-security-analysis.html
[2026-07-12 05:33:43] ✓ Generated: Privacy Coins and Financial Inclusion
[2026-07-12 05:33:43]   └─ Saved to: articles/privacy-coins-and-financial-inclusion.html
[2026-07-12 05:33:43] ============================================================
[2026-07-12 05:33:43] Generation complete: 3 new articles created
[2026-07-12 05:33:43] ============================================================
[2026-07-13 05:43:08] ============================================================
[2026-07-13 05:43:08] Starting content generation process
[2026-07-13 05:43:08] ============================================================
[2026-07-13 05:43:08] ✓ Configuration loaded
[2026-07-13 05:43:08] ✓ Found 46 previously generated articles
[2026-07-13 05:43:08] ✓ Topic pool contains 5920 unique topics
[2026-07-13 05:43:08] ✓ Generated: Building Passive Income with Decentralized Autonomous Organizations (DAOs)
[2026-07-13 05:43:08]   └─ Saved to: articles/building-passive-income-with-decentralized-autonomous-organizations-daos.html
[2026-07-13 05:43:08] ✓ Generated: Crypto Risk Management for Small Businesses: A Practical Guide
[2026-07-13 05:43:08]   └─ Saved to: articles/crypto-risk-management-for-small-businesses-a-practical-guide.html
[2026-07-13 05:43:08] ✓ Generated: How to Evaluate Self-Custody Before Investing
[2026-07-13 05:43:08]   └─ Saved to: articles/how-to-evaluate-self-custody-before-investing.html
[2026-07-13 05:43:08] ============================================================
[2026-07-13 05:43:08] Generation complete: 3 new articles created
[2026-07-13 05:43:08] ============================================================
[2026-07-14 04:55:58] ============================================================
[2026-07-14 04:55:58] Starting content generation process
[2026-07-14 04:55:58] ============================================================
[2026-07-14 04:55:58] ✓ Configuration loaded
[2026-07-14 04:55:58] ✓ Found 49 previously generated articles
[2026-07-14 04:55:58] ✓ Topic pool contains 5920 unique topics
[2026-07-14 04:55:58] ✓ Generated: Is Supply Chain on Blockchain Safe? A Security Analysis
[2026-07-14 04:55:58]   └─ Saved to: articles/is-supply-chain-on-blockchain-safe-a-security-analysis.html
[2026-07-14 04:55:58] ✓ Generated: The History and Evolution of Chainlink
[2026-07-14 04:55:58]   └─ Saved to: articles/the-history-and-evolution-of-chainlink.html
[2026-07-14 04:55:58] ✓ Generated: Optimistic Rollups Security Best Practices
[2026-07-14 04:55:58]   └─ Saved to: articles/optimistic-rollups-security-best-practices.html
[2026-07-14 04:55:58] ============================================================
[2026-07-14 04:55:58] Generation complete: 3 new articles created
[2026-07-14 04:55:58] ============================================================
[2026-07-15 04:56:07] ============================================================
[2026-07-15 04:56:07] Starting content generation process
[2026-07-15 04:56:07] ============================================================
[2026-07-15 04:56:07] ✓ Configuration loaded
[2026-07-15 04:56:07] ✓ Found 52 previously generated articles
[2026-07-15 04:56:07] ✓ Topic pool contains 5920 unique topics
[2026-07-15 04:56:07] ✓ Generated: Crypto Staking Explained: Everything You Need to Know
[2026-07-15 04:56:07]   └─ Saved to: articles/crypto-staking-explained-everything-you-need-to-know.html
[2026-07-15 04:56:07] ✓ Generated: Is Avalanche Safe? A Security Analysis
[2026-07-15 04:56:07]   └─ Saved to: articles/is-avalanche-safe-a-security-analysis.html
[2026-07-15 04:56:07] ✓ Generated: Consensus Mechanisms for Small Businesses: A Practical Guide
[2026-07-15 04:56:07]   └─ Saved to: articles/consensus-mechanisms-for-small-businesses-a-practical-guide.html
[2026-07-15 04:56:07] ============================================================
[2026-07-15 04:56:07] Generation complete: 3 new articles created
[2026-07-15 04:56:07] ============================================================
[2026-07-16 05:15:44] ============================================================
[2026-07-16 05:15:44] Starting content generation process
[2026-07-16 05:15:44] ============================================================
[2026-07-16 05:15:44] ✓ Configuration loaded
[2026-07-16 05:15:44] ✓ Found 55 previously generated articles
[2026-07-16 05:15:44] ✓ Topic pool contains 5920 unique topics
[2026-07-16 05:15:44] ✓ Generated: Smart Contract Audits and Financial Inclusion
[2026-07-16 05:15:44]   └─ Saved to: articles/smart-contract-audits-and-financial-inclusion.html
[2026-07-16 05:15:44] ✓ Generated: A Beginner's Roadmap to Decentralized Finance (DeFi)
[2026-07-16 05:15:44]   └─ Saved to: articles/a-beginner-s-roadmap-to-decentralized-finance-defi.html
[2026-07-16 05:15:44] ✓ Generated: Is Yield Farming a Good Investment in 2025?
[2026-07-16 05:15:44]   └─ Saved to: articles/is-yield-farming-a-good-investment-in-2025.html
[2026-07-16 05:15:44] ============================================================
[2026-07-16 05:15:44] Generation complete: 3 new articles created
[2026-07-16 05:15:44] ============================================================
[2026-07-17 05:18:16] ============================================================
[2026-07-17 05:18:16] Starting content generation process
[2026-07-17 05:18:16] ============================================================
[2026-07-17 05:18:16] ✓ Configuration loaded
[2026-07-17 05:18:16] ✓ Found 58 previously generated articles
[2026-07-17 05:18:16] ✓ Topic pool contains 5920 unique topics
[2026-07-17 05:18:16] ✓ Generated: Blockchain Technology Case Studies: Real-World Examples
[2026-07-17 05:18:16]   └─ Saved to: articles/blockchain-technology-case-studies-real-world-examples.html
[2026-07-17 05:18:16] ✓ Generated: The History and Evolution of Seed Phrases
[2026-07-17 05:18:16]   └─ Saved to: articles/the-history-and-evolution-of-seed-phrases.html
[2026-07-17 05:18:16] ✓ Generated: Building Passive Income with Smart Contract Audits
[2026-07-17 05:18:16]   └─ Saved to: articles/building-passive-income-with-smart-contract-audits.html
[2026-07-17 05:18:16] ============================================================
[2026-07-17 05:18:16] Generation complete: 3 new articles created
[2026-07-17 05:18:16] ============================================================
[2026-07-18 04:52:59] ============================================================
[2026-07-18 04:52:59] Starting content generation process
[2026-07-18 04:52:59] ============================================================
[2026-07-18 04:52:59] ✓ Configuration loaded
[2026-07-18 04:52:59] ✓ Found 61 previously generated articles
[2026-07-18 04:52:59] ✓ Topic pool contains 5920 unique topics
[2026-07-18 04:52:59] ✓ Generated: Seed Phrases Use Cases Beyond Speculation
[2026-07-18 04:52:59]   └─ Saved to: articles/seed-phrases-use-cases-beyond-speculation.html
[2026-07-18 04:52:59] ✓ Generated: Aave vs Competitors: An Honest Comparison
[2026-07-18 04:52:59]   └─ Saved to: articles/aave-vs-competitors-an-honest-comparison.html
[2026-07-18 04:52:59] ✓ Generated: The Pros and Cons of Crypto Staking
[2026-07-18 04:52:59]   └─ Saved to: articles/the-pros-and-cons-of-crypto-staking.html
[2026-07-18 04:52:59] ============================================================
[2026-07-18 04:52:59] Generation complete: 3 new articles created
[2026-07-18 04:52:59] ============================================================
[2026-07-19 05:27:41] ============================================================
[2026-07-19 05:27:41] Starting content generation process
[2026-07-19 05:27:41] ============================================================
[2026-07-19 05:27:41] ✓ Configuration loaded
[2026-07-19 05:27:41] ✓ Found 64 previously generated articles
[2026-07-19 05:27:41] ✓ Topic pool contains 5920 unique topics
[2026-07-19 05:27:41] ✓ Generated: Near Protocol and Financial Inclusion
[2026-07-19 05:27:41]   └─ Saved to: articles/near-protocol-and-financial-inclusion.html
[2026-07-19 05:27:41] ✓ Generated: Top 10 Things to Know About Ethereum
[2026-07-19 05:27:41]   └─ Saved to: articles/top-10-things-to-know-about-ethereum.html
[2026-07-19 05:27:41] ✓ Generated: Advanced Cosmos Strategies for Experienced Users
[2026-07-19 05:27:41]   └─ Saved to: articles/advanced-cosmos-strategies-for-experienced-users.html
[2026-07-19 05:27:41] ============================================================
[2026-07-19 05:27:41] Generation complete: 3 new articles created
[2026-07-19 05:27:41] ============================================================
[2026-07-20 05:47:14] ============================================================
[2026-07-20 05:47:14] Starting content generation process
[2026-07-20 05:47:14] ============================================================
[2026-07-20 05:47:14] ✓ Configuration loaded
[2026-07-20 05:47:14] ✓ Found 67 previously generated articles
[2026-07-20 05:47:14] ✓ Topic pool contains 5920 unique topics
[2026-07-20 05:47:14] ✓ Generated: NFT Royalties for Beginners: Step-by-Step Guide
[2026-07-20 05:47:14]   └─ Saved to: articles/nft-royalties-for-beginners-step-by-step-guide.html
[2026-07-20 05:47:14] ✓ Generated: Proof of Stake for Beginners: Step-by-Step Guide
[2026-07-20 05:47:14]   └─ Saved to: articles/proof-of-stake-for-beginners-step-by-step-guide.html
[2026-07-20 05:47:14] ✓ Generated: Bitcoin Mining Adoption in Emerging Markets
[2026-07-20 05:47:14]   └─ Saved to: articles/bitcoin-mining-adoption-in-emerging-markets.html
[2026-07-20 05:47:14] ============================================================
[2026-07-20 05:47:14] Generation complete: 3 new articles created
[2026-07-20 05:47:14] ============================================================
[2026-07-21 05:25:48] ============================================================
[2026-07-21 05:25:48] Starting content generation process
[2026-07-21 05:25:48] ============================================================
[2026-07-21 05:25:48] ✓ Configuration loaded
[2026-07-21 05:25:48] ✓ Found 70 previously generated articles
[2026-07-21 05:25:48] ✓ Topic pool contains 5920 unique topics
[2026-07-21 05:25:48] ✓ Generated: Crypto Remittances in Emerging Markets vs Competitors: An Honest Comparison
[2026-07-21 05:25:48]   └─ Saved to: articles/crypto-remittances-in-emerging-markets-vs-competitors-an-honest-comparison.html
[2026-07-21 05:25:48] ✓ Generated: Blockchain Scalability Myths Debunked
[2026-07-21 05:25:48]   └─ Saved to: articles/blockchain-scalability-myths-debunked.html
[2026-07-21 05:25:48] ✓ Generated: Top 10 Things to Know About Cosmos
[2026-07-21 05:25:48]   └─ Saved to: articles/top-10-things-to-know-about-cosmos.html
[2026-07-21 05:25:48] ============================================================
[2026-07-21 05:25:48] Generation complete: 3 new articles created
[2026-07-21 05:25:48] ============================================================
[2026-07-22 05:24:34] ============================================================
[2026-07-22 05:24:34] Starting content generation process
[2026-07-22 05:24:34] ============================================================
[2026-07-22 05:24:34] ✓ Configuration loaded
[2026-07-22 05:24:34] ✓ Found 73 previously generated articles
[2026-07-22 05:24:34] ✓ Topic pool contains 5920 unique topics
[2026-07-22 05:24:34] ✓ Generated: The Pros and Cons of Two-Factor Authentication for Crypto
[2026-07-22 05:24:34]   └─ Saved to: articles/the-pros-and-cons-of-two-factor-authentication-for-crypto.html
[2026-07-22 05:24:34] ✓ Generated: Futures Trading Explained: Everything You Need to Know
[2026-07-22 05:24:34]   └─ Saved to: articles/futures-trading-explained-everything-you-need-to-know.html
[2026-07-22 05:24:34] ✓ Generated: How Institutions Are Adopting VeChain
[2026-07-22 05:24:34]   └─ Saved to: articles/how-institutions-are-adopting-vechain.html
[2026-07-22 05:24:34] ============================================================
[2026-07-22 05:24:34] Generation complete: 3 new articles created
[2026-07-22 05:24:34] ============================================================
[2026-07-23 05:30:48] ============================================================
[2026-07-23 05:30:48] Starting content generation process
[2026-07-23 05:30:48] ============================================================
[2026-07-23 05:30:48] ✓ Configuration loaded
[2026-07-23 05:30:48] ✓ Found 76 previously generated articles
[2026-07-23 05:30:48] ✓ Topic pool contains 5920 unique topics
[2026-07-23 05:30:48] ✓ Generated: The Pros and Cons of Digital Art and NFTs
[2026-07-23 05:30:48]   └─ Saved to: articles/the-pros-and-cons-of-digital-art-and-nfts.html
[2026-07-23 05:30:48] ✓ Generated: A Beginner's Roadmap to Crypto Portfolio Diversification
[2026-07-23 05:30:48]   └─ Saved to: articles/a-beginner-s-roadmap-to-crypto-portfolio-diversification.html
[2026-07-23 05:30:48] ✓ Generated: Algorand: A Complete Guide for 2025
[2026-07-23 05:30:48]   └─ Saved to: articles/algorand-a-complete-guide-for-2025.html
[2026-07-23 05:30:48] ============================================================
[2026-07-23 05:30:48] Generation complete: 3 new articles created
[2026-07-23 05:30:48] ============================================================
[2026-07-24 05:25:29] ============================================================
[2026-07-24 05:25:29] Starting content generation process
[2026-07-24 05:25:29] ============================================================
[2026-07-24 05:25:29] ✓ Configuration loaded
[2026-07-24 05:25:29] ✓ Found 79 previously generated articles
[2026-07-24 05:25:29] ✓ Topic pool contains 5920 unique topics
[2026-07-24 05:25:29] ✓ Generated: Decentralized Exchanges (DEXs) for Small Businesses: A Practical Guide
[2026-07-24 05:25:29]   └─ Saved to: articles/decentralized-exchanges-dexs-for-small-businesses-a-practical-guide.html
[2026-07-24 05:25:29] ✓ Generated: Is Polkadot Safe? A Security Analysis
[2026-07-24 05:25:29]   └─ Saved to: articles/is-polkadot-safe-a-security-analysis.html
[2026-07-24 05:25:29] ✓ Generated: The Ultimate Polkadot Resource Guide
[2026-07-24 05:25:29]   └─ Saved to: articles/the-ultimate-polkadot-resource-guide.html
[2026-07-24 05:25:29] ============================================================
[2026-07-24 05:25:29] Generation complete: 3 new articles created
[2026-07-24 05:25:29] ============================================================
[2026-07-25 05:19:25] ============================================================
[2026-07-25 05:19:25] Starting content generation process
[2026-07-25 05:19:25] ============================================================
[2026-07-25 05:19:25] ✓ Configuration loaded
[2026-07-25 05:19:25] ✓ Found 82 previously generated articles
[2026-07-25 05:19:25] ✓ Topic pool contains 5920 unique topics
[2026-07-25 05:19:25] ✓ Generated: Is Now the Time to Get Into Proof of Work?
[2026-07-25 05:19:25]   └─ Saved to: articles/is-now-the-time-to-get-into-proof-of-work.html
[2026-07-25 05:19:25] ✓ Generated: Is Blockchain Technology a Good Investment in 2025?
[2026-07-25 05:19:25]   └─ Saved to: articles/is-blockchain-technology-a-good-investment-in-2025.html
[2026-07-25 05:19:25] ✓ Generated: On-Chain Analysis: Long-Term Outlook and Predictions
[2026-07-25 05:19:25]   └─ Saved to: articles/on-chain-analysis-long-term-outlook-and-predictions.html
[2026-07-25 05:19:25] ============================================================
[2026-07-25 05:19:25] Generation complete: 3 new articles created
[2026-07-25 05:19:25] ============================================================
[2026-07-26 05:37:24] ============================================================
[2026-07-26 05:37:24] Starting content generation process
[2026-07-26 05:37:24] ============================================================
[2026-07-26 05:37:24] ✓ Configuration loaded
[2026-07-26 05:37:24] ✓ Found 85 previously generated articles
[2026-07-26 05:37:24] ✓ Topic pool contains 5920 unique topics
[2026-07-26 05:37:24] ✓ Generated: Is Ledger Hardware Wallets Safe? A Security Analysis
[2026-07-26 05:37:24]   └─ Saved to: articles/is-ledger-hardware-wallets-safe-a-security-analysis.html
[2026-07-26 05:37:24] ✓ Generated: The Environmental Impact of Proof of Stake Validators
[2026-07-26 05:37:24]   └─ Saved to: articles/the-environmental-impact-of-proof-of-stake-validators.html
[2026-07-26 05:37:24] ✓ Generated: The Ultimate USDT (Tether) Resource Guide
[2026-07-26 05:37:24]   └─ Saved to: articles/the-ultimate-usdt-tether-resource-guide.html
[2026-07-26 05:37:24] ============================================================
[2026-07-26 05:37:24] Generation complete: 3 new articles created
[2026-07-26 05:37:24] ============================================================
[2026-07-26 08:23:29] ============================================================
[2026-07-26 08:23:29] Starting content generation process
[2026-07-26 08:23:29] ============================================================
[2026-07-26 08:23:29] ✓ Configuration loaded
[2026-07-26 08:23:29] ✓ Found 88 previously generated articles
[2026-07-26 08:23:29] ✓ Topic pool contains 13065 unique topics
[2026-07-26 08:23:29] ✓ Generated: Is Remittances via Crypto a Good Investment in 2025?
[2026-07-26 08:23:29]   └─ Saved to: articles/is-remittances-via-crypto-a-good-investment-in-2025.html
[2026-07-26 08:23:29] ✓ Generated: Crypto Philanthropy Myths Debunked
[2026-07-26 08:23:29]   └─ Saved to: articles/crypto-philanthropy-myths-debunked.html
[2026-07-26 08:23:29] ✓ Generated: The Biggest Misconceptions About Ethereum
[2026-07-26 08:23:29]   └─ Saved to: articles/the-biggest-misconceptions-about-ethereum.html
[2026-07-26 08:23:29] ============================================================
[2026-07-26 08:23:29] Generation complete: 3 new articles created
[2026-07-26 08:23:29] ============================================================
[2026-07-27 05:56:06] ============================================================
[2026-07-27 05:56:06] Starting content generation process
[2026-07-27 05:56:06] ============================================================
[2026-07-27 05:56:06] ✓ Configuration loaded
[2026-07-27 05:56:06] ✓ Found 91 previously generated articles
[2026-07-27 05:56:06] ✓ Topic pool contains 13065 unique topics
[2026-07-27 05:56:06] ✓ Generated: Impermanent Loss vs Traditional Finance: Key Differences
[2026-07-27 05:56:06]   └─ Saved to: articles/impermanent-loss-vs-traditional-finance-key-differences.html
[2026-07-27 05:56:06] ✓ Generated: Smart Contracts for Beginners: Step-by-Step Guide
[2026-07-27 05:56:06]   └─ Saved to: articles/smart-contracts-for-beginners-step-by-step-guide.html
[2026-07-27 05:56:06] ✓ Generated: Getting Expert-Level Knowledge of Blockchain Forks
[2026-07-27 05:56:06]   └─ Saved to: articles/getting-expert-level-knowledge-of-blockchain-forks.html
[2026-07-27 05:56:06] ============================================================
[2026-07-27 05:56:06] Generation complete: 3 new articles created
[2026-07-27 05:56:06] ============================================================
[2026-07-28 05:19:39] ============================================================
[2026-07-28 05:19:39] Starting content generation process
[2026-07-28 05:19:39] ============================================================
[2026-07-28 05:19:39] ✓ Configuration loaded
[2026-07-28 05:19:39] ✓ Found 94 previously generated articles
[2026-07-28 05:19:39] ✓ Topic pool contains 13065 unique topics
[2026-07-28 05:19:39] ✓ Generated: The Real Cost of Using Cardano
[2026-07-28 05:19:39]   └─ Saved to: articles/the-real-cost-of-using-cardano.html
[2026-07-28 05:19:39] ✓ Generated: Lending Protocols Risks: What Nobody Tells You
[2026-07-28 05:19:39]   └─ Saved to: articles/lending-protocols-risks-what-nobody-tells-you.html
[2026-07-28 05:19:39] ✓ Generated: Crypto for Freelancers in 2025: Trends and Predictions
[2026-07-28 05:19:39]   └─ Saved to: articles/crypto-for-freelancers-in-2025-trends-and-predictions.html
[2026-07-28 05:19:39] ============================================================
[2026-07-28 05:19:39] Generation complete: 3 new articles created
[2026-07-28 05:19:39] ============================================================
[2026-07-29 05:27:05] ============================================================
[2026-07-29 05:27:05] Starting content generation process
[2026-07-29 05:27:05] ============================================================
[2026-07-29 05:27:05] ✓ Configuration loaded
[2026-07-29 05:27:05] ✓ Found 97 previously generated articles
[2026-07-29 05:27:05] ✓ Topic pool contains 13065 unique topics
[2026-07-29 05:27:05] ✓ Generated: How Governments Are Responding to GameFi (Play-to-Earn)
[2026-07-29 05:27:05]   └─ Saved to: articles/how-governments-are-responding-to-gamefi-play-to-earn.html
[2026-07-29 05:27:05] ✓ Generated: Cryptocurrency Regulation Glossary: Key Terms Defined
[2026-07-29 05:27:05]   └─ Saved to: articles/cryptocurrency-regulation-glossary-key-terms-defined.html
[2026-07-29 05:27:05] ✓ Generated: The Real Cost of Using Bitcoin Halving
[2026-07-29 05:27:05]   └─ Saved to: articles/the-real-cost-of-using-bitcoin-halving.html
[2026-07-29 05:27:05] ============================================================
[2026-07-29 05:27:05] Generation complete: 3 new articles created
[2026-07-29 05:27:05] ============================================================
[2026-07-30 05:13:59] ============================================================
[2026-07-30 05:13:59] Starting content generation process
[2026-07-30 05:13:59] ============================================================
[2026-07-30 05:13:59] ✓ Configuration loaded
[2026-07-30 05:13:59] ✓ Found 100 previously generated articles
[2026-07-30 05:13:59] ✓ Topic pool contains 13065 unique topics
[2026-07-30 05:13:59] ✓ Generated: Building a Career Around Swing Trading Crypto
[2026-07-30 05:13:59]   └─ Saved to: articles/building-a-career-around-swing-trading-crypto.html
[2026-07-30 05:13:59] ✓ Generated: How Does Bitcoin Work? Explained Simply
[2026-07-30 05:13:59]   └─ Saved to: articles/how-does-bitcoin-work-explained-simply.html
[2026-07-30 05:13:59] ✓ Generated: What Experts Are Saying About Algorithmic Crypto Trading in 2025
[2026-07-30 05:13:59]   └─ Saved to: articles/what-experts-are-saying-about-algorithmic-crypto-trading-in-2025.html
[2026-07-30 05:13:59] ============================================================
[2026-07-30 05:13:59] Generation complete: 3 new articles created
[2026-07-30 05:13:59] ============================================================
[2026-07-31 05:40:36] ============================================================
[2026-07-31 05:40:36] Starting content generation process
[2026-07-31 05:40:36] ============================================================
[2026-07-31 05:40:36] ✓ Configuration loaded
[2026-07-31 05:40:36] ✓ Found 103 previously generated articles
[2026-07-31 05:40:36] ✓ Topic pool contains 13065 unique topics
[2026-07-31 05:40:36] ✓ Generated: Building a Career Around Altcoin Investing
[2026-07-31 05:40:36]   └─ Saved to: articles/building-a-career-around-altcoin-investing.html
[2026-07-31 05:40:36] ✓ Generated: Cross-Border Crypto Payments for Small Businesses: A Practical Guide
[2026-07-31 05:40:36]   └─ Saved to: articles/cross-border-crypto-payments-for-small-businesses-a-practical-guide.html
[2026-07-31 05:40:36] ✓ Generated: Institutional Crypto Adoption Explained Through Real Examples
[2026-07-31 05:40:36]   └─ Saved to: articles/institutional-crypto-adoption-explained-through-real-examples.html
[2026-07-31 05:40:36] ============================================================
[2026-07-31 05:40:36] Generation complete: 3 new articles created
[2026-07-31 05:40:36] ============================================================
[2026-08-01 05:32:16] ============================================================
[2026-08-01 05:32:16] Starting content generation process
[2026-08-01 05:32:16] ============================================================
[2026-08-01 05:32:16] ✓ Configuration loaded
[2026-08-01 05:32:16] ✓ Found 106 previously generated articles
[2026-08-01 05:32:16] ✓ Topic pool contains 13065 unique topics
[2026-08-01 05:32:16] ✓ Generated: The Real Cost of Using Restaking
[2026-08-01 05:32:16]   └─ Saved to: articles/the-real-cost-of-using-restaking.html
[2026-08-01 05:32:16] ✓ Generated: Is Now the Time to Get Into Technical Analysis?
[2026-08-01 05:32:16]   └─ Saved to: articles/is-now-the-time-to-get-into-technical-analysis.html
[2026-08-01 05:32:16] ✓ Generated: Soulbound Tokens Community and Ecosystem Overview
[2026-08-01 05:32:16]   └─ Saved to: articles/soulbound-tokens-community-and-ecosystem-overview.html
[2026-08-01 05:32:16] ============================================================
[2026-08-01 05:32:16] Generation complete: 3 new articles created
[2026-08-01 05:32:16] ============================================================
